2025-07-13 19:23:00 | WARN | repo=tictactoe | action=commit
2025-01-25 16:44:00 | DEBUG | repo=tictactoe | action=commit
2025-12-17 07:53:00 | WARN | repo=tictactoe | action=commit
2025-12-14 21:08:00 | INFO | repo=tictactoe | action=commit
2025-08-17 13:34:00 | INFO | repo=tictactoe | action=commit
2025-10-17 09:38:00 | WARN | repo=tictactoe | action=edit | files=1
2025-08-07 19:04:00 | WARN | repo=tictactoe | action=edit | files=1
2025-08-08 20:24:00 | INFO | repo=tictactoe | action=commit
2025-10-02 16:53:00 | DEBUG | repo=tictactoe | action=commit
2025-05-21 10:58:00 | INFO | repo=tictactoe | action=commit
2025-03-25 12:02:00 | INFO | repo=tictactoe | action=commit
2025-11-19 14:36:00 | DEBUG | repo=tictactoe | action=test | passed=true
2025-12-20 17:39:00 | WARN | repo=tictactoe | action=edit | files=2
2025-12-10 08:33:00 | DEBUG | repo=tictactoe | action=test | passed=true
2025-06-02 16:43:00 | INFO | repo=tictactoe | action=commit
2025-04-28 17:20:00 | DEBUG | repo=tictactoe | action=commit
2025-04-09 08:50:00 | INFO | repo=tictactoe | action=commit
2025-12-15 12:19:00 | INFO | repo=tictactoe | action=commit
2025-12-24 16:02:00 | DEBUG | repo=tictactoe | action=commit
2025-04-14 20:58:00 | WARN | repo=tictactoe | action=commit
2025-03-27 09:22:00 | INFO | repo=tictactoe | action=commit
2025-01-03 17:46:00 | DEBUG | repo=tictactoe | action=pull
2025-11-17 08:31:00 | INFO | repo=tictactoe | action=commit
2025-09-23 14:36:00 | WARN | repo=tictactoe | action=commit
2025-05-15 08:59:00 | INFO | repo=tictactoe | action=commit
2025-07-21 20:34:00 | DEBUG | repo=tictactoe | action=test | passed=true
2025-10-05 14:01:00 | WARN | repo=tictactoe | action=commit
2025-12-18 09:36:00 | INFO | repo=tictactoe | action=commit
2025-12-14 16:13:00 | WARN | repo=tictactoe | action=commit
